// Vitest Snapshot v1, https://vitest.dev/guide/snapshot.html

exports[`NsasBox > should render the component 1`] = `
"<div class="nsas-box">
  <div class="el-card is-hover-shadow">
    <!--v-if-->
    <div class="el-card__body" style=""></div>
    <!--v-if-->
  </div>
</div>"
`;
